Error: /opt/homebrew/Cellar is not writable. You should change the
ownership and permissions of /opt/homebrew/Cellar back to your
user account:
  sudo chown -R houyuan /opt/homebrew/Cellar
Warning: formula.jws.json: update failed, falling back to cached version.
Warning: cask.jws.json: update failed, falling back to cached version.
✘ JSON API formula.jws.json
Error: Operation not permitted @ apply2files - /Users/houyuan/Library/Caches/Homebrew/api/formula.jws.json
✘ JSON API cask.jws.json
Error: Operation not permitted @ apply2files - /Users/houyuan/Library/Caches/Homebrew/api/cask.jws.json
Warning: cask_tap_migrations.jws.json: update failed, falling back to cached version.
✘ JSON API cask_tap_migrations.jws.json
Error: Operation not permitted @ apply2files - /Users/houyuan/Library/Caches/Homebrew/api/cask_tap_migrations.jws.json
Warning: formula_tap_migrations.jws.json: update failed, falling back to cached version.
✘ JSON API formula_tap_migrations.jws.json
Error: Operation not permitted @ apply2files - /Users/houyuan/Library/Caches/Homebrew/api/formula_tap_migrations.jws.json
Error: The following directories are not writable by your user:
/Users/houyuan/Library/Caches/Homebrew
/Users/houyuan/Library/Logs/Homebrew
/opt/homebrew
/opt/homebrew/Cellar
/opt/homebrew/Frameworks
/opt/homebrew/bin
/opt/homebrew/etc
/opt/homebrew/etc/bash_completion.d
/opt/homebrew/include
/opt/homebrew/lib
/opt/homebrew/lib/pkgconfig
/opt/homebrew/opt
/opt/homebrew/sbin
/opt/homebrew/share
/opt/homebrew/share/aclocal
/opt/homebrew/share/doc
/opt/homebrew/share/info
/opt/homebrew/share/locale
/opt/homebrew/share/man
/opt/homebrew/share/man/man1
/opt/homebrew/share/man/man3
/opt/homebrew/share/man/man5
/opt/homebrew/share/man/man7
/opt/homebrew/share/man/man8
/opt/homebrew/share/zsh
/opt/homebrew/share/zsh/site-functions
/opt/homebrew/var/homebrew/linked
/opt/homebrew/var/homebrew/locks
/opt/homebrew/var/log

You should change the ownership of these directories to your user.
  sudo chown -R houyuan /Users/houyuan/Library/Caches/Homebrew /Users/houyuan/Library/Logs/Homebrew /opt/homebrew /opt/homebrew/Cellar /opt/homebrew/Frameworks /opt/homebrew/bin /opt/homebrew/etc /opt/homebrew/etc/bash_completion.d /opt/homebrew/include /opt/homebrew/lib /opt/homebrew/lib/pkgconfig /opt/homebrew/opt /opt/homebrew/sbin /opt/homebrew/share /opt/homebrew/share/aclocal /opt/homebrew/share/doc /opt/homebrew/share/info /opt/homebrew/share/locale /opt/homebrew/share/man /opt/homebrew/share/man/man1 /opt/homebrew/share/man/man3 /opt/homebrew/share/man/man5 /opt/homebrew/share/man/man7 /opt/homebrew/share/man/man8 /opt/homebrew/share/zsh /opt/homebrew/share/zsh/site-functions /opt/homebrew/var/homebrew/linked /opt/homebrew/var/homebrew/locks /opt/homebrew/var/log

And make sure that your user has write permission.
  chmod u+w /Users/houyuan/Library/Caches/Homebrew /Users/houyuan/Library/Logs/Homebrew /opt/homebrew /opt/homebrew/Cellar /opt/homebrew/Frameworks /opt/homebrew/bin /opt/homebrew/etc /opt/homebrew/etc/bash_completion.d /opt/homebrew/include /opt/homebrew/lib /opt/homebrew/lib/pkgconfig /opt/homebrew/opt /opt/homebrew/sbin /opt/homebrew/share /opt/homebrew/share/aclocal /opt/homebrew/share/doc /opt/homebrew/share/info /opt/homebrew/share/locale /opt/homebrew/share/man /opt/homebrew/share/man/man1 /opt/homebrew/share/man/man3 /opt/homebrew/share/man/man5 /opt/homebrew/share/man/man7 /opt/homebrew/share/man/man8 /opt/homebrew/share/zsh /opt/homebrew/share/zsh/site-functions /opt/homebrew/var/homebrew/linked /opt/homebrew/var/homebrew/locks /opt/homebrew/var/log
EXIT=1
